SKIPPED: overlay-harness-contract needs PowerShell (pwsh)
cargo check --workspace
    Checking tze_hud_runtime v0.1.0 (/home/orca/orca/projects/tze-hud/.worktrees/parallel-agents/hud-1wizi/crates/tze_hud_runtime)
    Checking render_artifacts v0.1.0 (/home/orca/orca/projects/tze-hud/.worktrees/parallel-agents/hud-1wizi/examples/render_artifacts)
   Compiling tze_hud_app v0.1.0 (/home/orca/orca/projects/tze-hud/.worktrees/parallel-agents/hud-1wizi/app/tze_hud_app)
    Checking benchmark v0.1.0 (/home/orca/orca/projects/tze-hud/.worktrees/parallel-agents/hud-1wizi/examples/benchmark)
    Checking vertical_slice v0.1.0 (/home/orca/orca/projects/tze-hud/.worktrees/parallel-agents/hud-1wizi/examples/vertical_slice)
    Finished `dev` profile [unoptimized + debuginfo] target(s) in 2.71s
cargo fmt --check
cargo clippy --workspace --all-targets -- -D warnings
    Checking tze_hud_runtime v0.1.0 (/home/orca/orca/projects/tze-hud/.worktrees/parallel-agents/hud-1wizi/crates/tze_hud_runtime)
   Compiling tze_hud_app v0.1.0 (/home/orca/orca/projects/tze-hud/.worktrees/parallel-agents/hud-1wizi/app/tze_hud_app)
    Checking render_artifacts v0.1.0 (/home/orca/orca/projects/tze-hud/.worktrees/parallel-agents/hud-1wizi/examples/render_artifacts)
    Checking poc_demo v0.1.0 (/home/orca/orca/projects/tze-hud/.worktrees/parallel-agents/hud-1wizi/examples/poc_demo)
    Checking benchmark v0.1.0 (/home/orca/orca/projects/tze-hud/.worktrees/parallel-agents/hud-1wizi/examples/benchmark)
error: using `clone` on type `Option<GeometryPolicy>` which implements the `Copy` trait
    --> crates/tze_hud_runtime/src/windowed/portal.rs:8213:34
     |
8213 |               let saved_override = held.element_store.entries[&frame_id]
     |  __________________________________^
8214 | |                 .geometry_override
8215 | |                 .clone();
     | |________________________^
     |
     = help: for further information visit https://rust-lang.github.io/rust-clippy/master/index.html#clone_on_copy
     = note: `-D clippy::clone-on-copy` implied by `-D clippy::all`
     = help: to override `-D clippy::all` add `#[allow(clippy::clone_on_copy)]`
help: try removing the `clone` call
     |
8213 ~             let saved_override = held.element_store.entries[&frame_id]
8214 ~                 .geometry_override;
     |

error: using `clone` on type `Option<GeometryPolicy>` which implements the `Copy` trait
    --> crates/tze_hud_runtime/src/windowed/portal.rs:8250:30
     |
8250 |           let saved_override = held.element_store.entries[&frame_id]
     |  ______________________________^
8251 | |             .geometry_override
8252 | |             .clone();
     | |____________________^
     |
     = help: for further information visit https://rust-lang.github.io/rust-clippy/master/index.html#clone_on_copy
help: try removing the `clone` call
     |
8250 ~         let saved_override = held.element_store.entries[&frame_id]
8251 ~             .geometry_override;
     |

error: could not compile `tze_hud_runtime` (lib test) due to 2 previous errors
error: recipe `clippy` failed on line 66 with exit code 101
