diff --git a/crates/tze_hud_compositor/src/renderer/tests/hit_drag.rs b/crates/tze_hud_compositor/src/renderer/tests/hit_drag.rs
index ed635869..d7a4a952 100644
--- a/crates/tze_hud_compositor/src/renderer/tests/hit_drag.rs
+++ b/crates/tze_hud_compositor/src/renderer/tests/hit_drag.rs
@@ -924,6 +924,102 @@ async fn drag_visual_feedback_applied_during_active_drag() {
         cleared_count, idle_count,
         "after clearing drag, vertex count must return to idle level"
     );
+
+    let frame_bounds = scene.tiles[&tile_id].bounds;
+    let pane = scene
+        .create_tile(
+            tab,
+            "agent-a",
+            lease,
+            Rect::new(130.0, 150.0, 300.0, 160.0),
+            12,
+        )
+        .unwrap();
+    scene
+        .register_tile_scroll_config(pane, TileScrollConfig::vertical())
+        .unwrap();
+    let backstop = scene
+        .create_tile(tab, "agent-a", lease, frame_bounds, 9)
+        .unwrap();
+    scene.tiles.get_mut(&backstop).unwrap().input_mode = tze_hud_scene::InputMode::Passthrough;
+    let shield = scene
+        .create_tile(
+            tab,
+            "agent-a",
+            lease,
+            Rect::new(1900.0, 1070.0, 1.0, 1.0),
+            20,
+        )
+        .unwrap();
+    let other_lease = scene.grant_lease("agent-b", 60_000);
+    let peer = scene
+        .create_tile(tab, "agent-b", other_lease, frame_bounds, 100)
+        .unwrap();
+    let original_order: Vec<_> = scene
+        .visible_tiles()
+        .iter()
+        .map(|tile| (tile.id, tile.z_order))
+        .collect();
+    scene.set_drag_active(tile_id);
+    let handles = compositor.collect_drag_handle_entries(&scene, 1920.0, 1080.0);
+    let frame_handle = handles
+        .iter()
+        .find(|handle| handle.element_id == tile_id)
+        .unwrap();
+    assert!(frame_handle.is_header_band);
+    let highlights = compositor.drag_highlight_cmds(&scene, &handles);
+    assert_eq!(
+        highlights.len(),
+        1,
+        "contained panes have no duplicate border"
+    );
+    assert_eq!(
+        (
+            highlights[0].x,
+            highlights[0].y,
+            highlights[0].width,
+            highlights[0].height
+        ),
+        (
+            frame_bounds.x,
+            frame_bounds.y,
+            frame_bounds.width,
+            frame_bounds.height
+        )
+    );
+    let sorted = Compositor::sort_tiles_with_drag_boost(scene.visible_tiles(), &scene);
+    let ids: Vec<_> = sorted.iter().map(|tile| tile.id).collect();
+    assert!(
+        ids.iter().position(|id| *id == peer).unwrap()
+            < ids.iter().position(|id| *id == backstop).unwrap()
+    );
+    assert!(
+        ids.iter().position(|id| *id == shield).unwrap()
+            < ids.iter().position(|id| *id == backstop).unwrap()
+    );
+    assert_eq!(
+        ids.iter()
+            .copied()
+            .filter(|id| [backstop, tile_id, pane].contains(id))
+            .collect::<Vec<_>>(),
+        [backstop, tile_id, pane],
+        "portal members retain their relative order"
+    );
+    for (id, z) in &original_order {
+        assert_eq!(
+            scene.tiles[id].z_order, *z,
+            "boost never rewrites scene z-order"
+        );
+    }
+    scene.clear_drag_active(tile_id);
+    assert!(compositor.drag_highlight_cmds(&scene, &handles).is_empty());
+    assert_eq!(
+        Compositor::sort_tiles_with_drag_boost(scene.visible_tiles(), &scene)
+            .iter()
+            .map(|tile| (tile.id, tile.z_order))
+            .collect::<Vec<_>>(),
+        original_order
+    );
 }
 
 // ─── Drag z-order + opacity boost unit tests [hud-17c8p] ─────────────────
diff --git a/crates/tze_hud_compositor/src/renderer/tests/surface.rs b/crates/tze_hud_compositor/src/renderer/tests/surface.rs
index 40382ccc..360dff0b 100644
--- a/crates/tze_hud_compositor/src/renderer/tests/surface.rs
+++ b/crates/tze_hud_compositor/src/renderer/tests/surface.rs
@@ -498,6 +498,41 @@ async fn frame_signature_ignores_content_outside_the_target() {
         signatures[0].1, signatures[1].1,
         "on-window change is visible"
     );
+    let mut scene = corner_tile_scene(Rgba::new(1.0, 0.0, 0.0, 1.0));
+    let tile_id = scene.visible_tiles()[0].id;
+    compositor.prime_markdown_cache(&scene);
+    compositor.prime_truncation_cache(&scene);
+    let idle = compositor.build_windowed_frame(&mut scene, 256, 256);
+    let idle_away = compositor.frame_signature(&idle, &away);
+    let idle_overlap = compositor.frame_signature(&idle, &overlapping);
+    let version = scene.version;
+    let epoch = scene.geometry_epoch;
+    scene.set_drag_active(tile_id);
+    assert_eq!(scene.version, version);
+    assert_eq!(
+        scene.geometry_epoch,
+        epoch + 1,
+        "border admission bypasses content-cache churn"
+    );
+    let active = compositor.build_windowed_frame(&mut scene, 256, 256);
+    assert_eq!(compositor.frame_signature(&active, &away), idle_away);
+    assert_ne!(
+        compositor.frame_signature(&active, &overlapping),
+        idle_overlap
+    );
+    scene.set_drag_active(tile_id);
+    assert_eq!(scene.geometry_epoch, epoch + 1);
+    let unchanged = compositor.build_windowed_frame(&mut scene, 256, 256);
+    assert_eq!(
+        compositor.frame_signature(&unchanged, &overlapping),
+        compositor.frame_signature(&active, &overlapping)
+    );
+    scene.clear_drag_active(tile_id);
+    let cleared = compositor.build_windowed_frame(&mut scene, 256, 256);
+    assert_eq!(
+        compositor.frame_signature(&cleared, &overlapping),
+        idle_overlap
+    );
 }
 
 /// A zone assigned to a secondary display renders in that display's window
diff --git a/crates/tze_hud_compositor/src/renderer/tests/tile_opacity.rs b/crates/tze_hud_compositor/src/renderer/tests/tile_opacity.rs
index fad7ba42..a1c54fa7 100644
--- a/crates/tze_hud_compositor/src/renderer/tests/tile_opacity.rs
+++ b/crates/tze_hud_compositor/src/renderer/tests/tile_opacity.rs
@@ -165,6 +165,102 @@ async fn hud_w41ef_portal_backdrop_opaque_after_resize_grow_no_fade() {
         a_grown > 250,
         "grown portal backdrop must stay opaque at full opacity (got alpha={a_grown})"
     );
+
+    // Inspect the real windowed draw list as well: headless blending does not
+    // establish live overlay REPLACE alpha. Pin only this fixture's settled fade.
+    compositor.portal_tile_anim_states.insert(
+        tile_id,
+        super::draw_cmds::ZoneAnimationState {
+            transition_start: std::time::Instant::now(),
+            duration_ms: 0,
+            from_opacity: 1.0,
+            target_opacity: 1.0,
+        },
+    );
+    let resource_id = ResourceId::of(b"hud-1wizi settled drag image");
+    compositor.register_image_bytes(resource_id, std::sync::Arc::from(vec![255u8; 16]), 2, 2);
+    assert!(compositor.ensure_image_texture(resource_id, 2, 2));
+    scene.register_resource(resource_id);
+    let root_id = scene.tiles[&tile_id].root_node.unwrap();
+    scene
+        .add_node_to_tile(
+            tile_id,
+            Some(root_id),
+            Node {
+                layout: Default::default(),
+                id: SceneId::new(),
+                children: vec![],
+                data: NodeData::StaticImage(StaticImageNode {
+                    resource_id,
+                    width: 2,
+                    height: 2,
+                    decoded_bytes: 16,
+                    fit_mode: ImageFitMode::Fill,
+                    bounds: Rect::new(20.0, 20.0, 10.0, 10.0),
+                }),
+            },
+        )
+        .unwrap();
+    compositor.prime_markdown_cache(&scene);
+    compositor.prime_truncation_cache(&scene);
+    let version = scene.version;
+    let mut baseline = None;
+    for phase in 0..4 {
+        match phase {
+            1 => scene.set_drag_active(tile_id),
+            2 => {
+                let tile = scene.tiles.get_mut(&tile_id).unwrap();
+                tile.bounds.x += 5.0;
+                tile.bounds.y += 5.0;
+                scene.bump_geometry_epoch();
+            }
+            3 => scene.clear_drag_active(tile_id),
+            _ => {}
+        }
+        let build = compositor.build_windowed_frame(&mut scene, 256, 256);
+        let body_alpha: Vec<_> = build
+            .flat_rect_vertices()
+            .iter()
+            .map(|vertex| vertex.color[3])
+            .collect();
+        let text_alpha: Vec<_> = compositor
+            .collect_text_items(&scene, 256.0, 256.0)
+            .iter()
+            .map(|item| item.opacity)
+            .collect();
+        assert!(!body_alpha.is_empty());
+        assert!(!text_alpha.is_empty());
+        let mut vertices = Vec::new();
+        let mut images = Vec::new();
+        compositor.render_node(
+            root_id,
+            &scene.tiles[&tile_id],
+            &scene,
+            &mut vertices,
+            &mut images,
+            256.0,
+            256.0,
+        );
+        let image_alpha: Vec<_> = images.iter().map(|image| image.tint[3]).collect();
+        assert_eq!(
+            image_alpha.len(),
+            1,
+            "inspect a real uploaded image, not the placeholder"
+        );
+        let alphas = (body_alpha, text_alpha, image_alpha);
+        if let Some(baseline) = baseline.as_ref() {
+            assert_eq!(
+                &alphas, baseline,
+                "settled activation/move/release cannot lower body alpha"
+            );
+        } else {
+            baseline = Some(alphas);
+        }
+        assert_eq!(
+            scene.version, version,
+            "position and feedback leave content unchanged"
+        );
+    }
 }
 
 // ─── hud-b0x0m: every tile node fill type fades with the tile, not just the ──
diff --git a/crates/tze_hud_compositor/src/renderer/tile_render.rs b/crates/tze_hud_compositor/src/renderer/tile_render.rs
index 1e61d64a..8719c16b 100644
--- a/crates/tze_hud_compositor/src/renderer/tile_render.rs
+++ b/crates/tze_hud_compositor/src/renderer/tile_render.rs
@@ -413,16 +413,48 @@ impl Compositor {
 
     // ─── Drag-boost helpers ───────────────────────────────────────────────────
 
-    /// Return the effective sort key for a tile, applying `DRAG_Z_ORDER_BOOST`
-    /// when the tile is in the `Activated` drag phase.
-    ///
-    /// The boost raises the dragged tile above its peers in painter's-algorithm
-    /// order (back-to-front).  `saturating_add` prevents wraparound for tiles
-    /// already near `u32::MAX`.
-    ///
-    /// Per `tze_hud_input::drag::DRAG_Z_ORDER_BOOST` (0x1000).
-    pub(super) fn effective_tile_z_order(tile: &Tile, scene: &SceneGraph) -> u32 {
+    /// A portal's visible frame owns its border; contained members sharing its
+    /// lease move in front together without changing their relative z-order.
+    /// The remote shield is not contained, and an ordinary tile boosts only itself.
+    fn tile_has_drag_boost(tile: &Tile, scene: &SceneGraph) -> bool {
         if scene.is_drag_active(tile.id) {
+            return true;
+        }
+        scene.overlay.drag_active_elements.iter().any(|id| {
+            let Some(frame) = scene.tiles.get(id) else {
+                return false;
+            };
+            let contains = |candidate: &Tile| {
+                candidate.lease_id == frame.lease_id
+                    && candidate.bounds.x >= frame.bounds.x - 1.0
+                    && candidate.bounds.y >= frame.bounds.y - 1.0
+                    && candidate.bounds.x + candidate.bounds.width
+                        <= frame.bounds.x + frame.bounds.width + 1.0
+                    && candidate.bounds.y + candidate.bounds.height
+                        <= frame.bounds.y + frame.bounds.height + 1.0
+            };
+            contains(tile)
+                && (scene
+                    .overlay
+                    .portal_surfaces
+                    .get(id)
+                    .is_some_and(|surface| {
+                        surface
+                            .parts
+                            .iter()
+                            .any(|part| part.kind == tze_hud_scene::PortalPartKind::Header)
+                    })
+                    || scene
+                        .overlay
+                        .tile_scroll_configs
+                        .keys()
+                        .any(|id| scene.tiles.get(id).is_some_and(contains)))
+        })
+    }
+
+    /// Saturating drag boost preserves the original scene z-order fields.
+    pub(super) fn effective_tile_z_order(tile: &Tile, scene: &SceneGraph) -> u32 {
+        if Self::tile_has_drag_boost(tile, scene) {
             tile.z_order.saturating_add(DRAG_Z_ORDER_BOOST)
         } else {
             tile.z_order
@@ -446,7 +478,7 @@ impl Compositor {
     }
 
     /// Re-sort a slice of tile references by effective z-order (back to front),
-    /// applying `DRAG_Z_ORDER_BOOST` to the dragged tile's sort key.
+    /// applying `DRAG_Z_ORDER_BOOST` to the dragged tile or portal cohort.
     ///
     /// This does not mutate the scene; it returns a new owned `Vec<&Tile>` with
     /// the drag-boosted ordering.  The original `z_order` fields are unchanged.
@@ -455,7 +487,12 @@ impl Compositor {
         scene: &SceneGraph,
     ) -> Vec<&'a Tile> {
         let mut sorted = tiles;
-        sorted.sort_by_key(|t| Self::effective_tile_z_order(t, scene));
+        if scene.overlay.drag_active_elements.is_empty() {
+            sorted.sort_by_key(|tile| tile.z_order);
+        } else {
+            // Resolve each member's cohort once, rather than on every comparison.
+            sorted.sort_by_cached_key(|tile| Self::effective_tile_z_order(tile, scene));
+        }
         sorted
     }
 
diff --git a/crates/tze_hud_runtime/src/windowed/event_loop_harness.rs b/crates/tze_hud_runtime/src/windowed/event_loop_harness.rs
index 4253ad27..e96f9334 100644
--- a/crates/tze_hud_runtime/src/windowed/event_loop_harness.rs
+++ b/crates/tze_hud_runtime/src/windowed/event_loop_harness.rs
@@ -164,6 +164,7 @@ impl WindowedRuntimeState {
             secondary_recreates: Default::default(),
             overlay_refits: Default::default(),
             press_window: None,
+            primary_drag_gesture: None,
             global_tokens: HashMap::new(),
             element_repositioned_tx: None,
             input_event_tx: None,
diff --git a/crates/tze_hud_runtime/src/windowed/lifecycle.rs b/crates/tze_hud_runtime/src/windowed/lifecycle.rs
index dfe58830..a927343b 100644
--- a/crates/tze_hud_runtime/src/windowed/lifecycle.rs
+++ b/crates/tze_hud_runtime/src/windowed/lifecycle.rs
@@ -30,8 +30,9 @@ use super::input_dispatch::{
 };
 use super::keyboard::ComposerDeliveryContext;
 use super::portal::{
-    DragReleasedData, PortalResizePointerOutcome, apply_drag_handle_pointer_event,
-    apply_portal_resize_pointer_event,
+    DragReleasedData, PortalResizePointerOutcome, PrimaryDragGesture,
+    apply_drag_handle_pointer_event, apply_portal_resize_pointer_event, drag_feedback_target,
+    reconcile_drag_feedback,
 };
 use super::{WindowedBenchmarkConfig, WindowedQuiescentEfficiencyConfig, WinitApp};
 
@@ -1592,6 +1593,27 @@ impl WinitApp {
     /// - Inside a hit-region → `set_cursor_hittest(true)` (window captures events).
     /// - Outside all hit-regions → `set_cursor_hittest(false)` (events pass through).
     pub(super) fn enqueue_pointer_event(&mut self, kind: PointerEventKind) {
+        // Settle the old terminal before admitting any newer drag. If the lock
+        // is still busy, retain the original Up instead of retargeting it to a
+        // new Down or moving the already-released gesture.
+        if self
+            .state
+            .primary_drag_gesture
+            .as_ref()
+            .is_some_and(|gesture| gesture.terminal.is_some())
+        {
+            self.drain_pending_drag_terminal();
+            if self
+                .state
+                .primary_drag_gesture
+                .as_ref()
+                .is_some_and(|gesture| gesture.terminal.is_some())
+            {
+                self.schedule_shared_scene_availability_wake();
+                return;
+            }
+        }
+        let original_window_is_live = self.primary_drag_window_is_live();
         self.refresh_widget_hover_tracking();
         let x = self.state.cursor_x;
         let y = self.state.cursor_y;
@@ -1654,6 +1676,7 @@ impl WinitApp {
         // compositor (which renders caret/selection from the local echo slot,
         // not the input processor) without a borrow conflict (hud-etrs0).
         let mut composer_selection_changed = false;
+        let mut pointer_processed = false;
         // Interactive gestures require guaranteed same-frame local feedback
         // (local-feedback-first).  For those events, acquire the locks with a
         // bounded spin instead of a single `try_lock`, so a contended scene lock
@@ -1726,6 +1749,7 @@ impl WinitApp {
                 state.scene.try_lock().ok()
             };
             if let Some(mut scene) = scene_guard {
+                pointer_processed = true;
                 // ── Click-to-focus (Stage 2) ─────────────────────────────────
                 // Use process_with_focus on every pointer event so that a
                 // pointer-down on a focusable HitRegionNode transfers keyboard
@@ -2012,6 +2036,26 @@ impl WinitApp {
                 // long-press recognition (Cancelled).
                 let display_w = self.state.config.window.width as f32;
                 let display_h = self.state.config.window.height as f32;
+                if self
+                    .state
+                    .primary_drag_gesture
+                    .as_ref()
+                    .is_some_and(|gesture| {
+                        !original_window_is_live || !gesture.target_is_live(&scene)
+                    })
+                {
+                    if let Some(gesture) = self.state.primary_drag_gesture.take()
+                        && self
+                            .state
+                            .input_processor
+                            .drag_states
+                            .get(&0)
+                            .is_some_and(|drag| gesture.matches(drag))
+                    {
+                        self.state.input_processor.drag_states.remove(&0);
+                    }
+                    reconcile_drag_feedback(&self.state.input_processor, &mut scene);
+                }
                 drag_released = apply_drag_handle_pointer_event(
                     &mut self.state.input_processor,
                     &pointer_event,
@@ -2020,6 +2064,31 @@ impl WinitApp {
                     display_w,
                     display_h,
                 );
+                if pointer_event.kind == PointerEventKind::Down {
+                    self.state.primary_drag_gesture = self
+                        .state
+                        .input_processor
+                        .drag_states
+                        .get(&0)
+                        .and_then(|drag| {
+                            scene
+                                .tiles
+                                .get(&drag.element_id)
+                                .map(|tile| PrimaryDragGesture {
+                                    element_id: drag.element_id,
+                                    lease_id: tile.lease_id,
+                                    feedback_target: drag_feedback_target(&scene, drag.element_id),
+                                    interaction_id: drag.interaction_id.clone(),
+                                    press_start: drag.press_start,
+                                    window_id: self.state.press_window,
+                                    window_allocation: self
+                                        .primary_drag_window_allocation(self.state.press_window),
+                                    terminal: None,
+                                })
+                        });
+                } else if !self.state.input_processor.drag_states.contains_key(&0) {
+                    self.state.primary_drag_gesture = None;
+                }
 
                 // ── Pointer-affordance portal resize (§6b.1) ─────────────────
                 // Hit-test the focused portal's resize affordance strip on every
@@ -2091,6 +2160,14 @@ impl WinitApp {
             portal_resize_outcome = None;
         }
 
+        if !pointer_processed
+            && pointer_event.kind == PointerEventKind::Up
+            && let Some(gesture) = self.state.primary_drag_gesture.as_mut()
+        {
+            gesture.terminal = Some(pointer_event);
+            self.schedule_shared_scene_availability_wake();
+        }
+
         // ── Post-lock: persist geometry override after drag release ───────────
         // The drag state machine has already updated tile.bounds for live visual
         // feedback.  Here we also write the geometry_override to the element store
diff --git a/crates/tze_hud_runtime/src/windowed/mod.rs b/crates/tze_hud_runtime/src/windowed/mod.rs
index fdf4bbe4..d43a2fcc 100644
--- a/crates/tze_hud_runtime/src/windowed/mod.rs
+++ b/crates/tze_hud_runtime/src/windowed/mod.rs
@@ -460,6 +460,8 @@ struct WindowedRuntimeState {
     /// Window that received the current left-button press; it keeps
     /// capturing until release.
     press_window: Option<WindowId>,
+    /// Original primary drag identity and, only on a missed Up, its terminal event.
+    primary_drag_gesture: Option<portal::PrimaryDragGesture>,
     /// Global design token map from scene startup.
     ///
     /// Stashed here after `run_scene_startup` returns so it can be applied
@@ -853,8 +855,26 @@ impl WinitApp {
         let portal_drain = self.drain_portal_projection();
         // Prune stale portal_resize_states entries for tiles removed from the
         // scene (hud-kgu8u). Uses try_lock; silently deferred if lock is busy.
-        self.prune_portal_resize_states();
-        portal_drain
+        let pruned_drag = self.prune_portal_resize_states();
+        let settled_drag = self.drain_pending_drag_terminal();
+        let drag_scene_changed = pruned_drag || settled_drag;
+        match portal_drain {
+            PortalProjectionDrain::Completed { scene_changed } => {
+                PortalProjectionDrain::Completed {
+                    scene_changed: scene_changed || drag_scene_changed,
+                }
+            }
+            PortalProjectionDrain::Deferred => {
+                if drag_scene_changed {
+                    // The scene became available between drains. Preserve the
+                    // portal retry while publishing the drag mutation already made.
+                    self.state.wake.notify_compositor(
+                        crate::idle_efficiency::RuntimeWakeupSource::SceneChange,
+                    );
+                }
+                PortalProjectionDrain::Deferred
+            }
+        }
     }
 }
 
@@ -1039,7 +1059,12 @@ impl ApplicationHandler<RuntimeWakeEvent> for WinitApp {
         }
         let has_deferred_scene_work = portal_drain.is_deferred()
             || !self.state.pending_input_capture_commands.is_empty()
-            || !self.state.pending_keyboard_events.is_empty();
+            || !self.state.pending_keyboard_events.is_empty()
+            || self
+                .state
+                .primary_drag_gesture
+                .as_ref()
+                .is_some_and(|gesture| gesture.terminal.is_some());
         if !inspected_scene_deadlines || has_deferred_scene_work {
             // Lock contention is not a deadline. Install one coalesced waiter
             // that wakes the main loop only after the shared scene is actually
@@ -3157,6 +3182,7 @@ impl WindowedRuntime {
             secondary_recreates: Default::default(),
             overlay_refits: Default::default(),
             press_window: None,
+            primary_drag_gesture: None,
             global_tokens: startup_compositor_tokens,
             element_repositioned_tx,
             input_event_tx,
diff --git a/crates/tze_hud_runtime/src/windowed/portal.rs b/crates/tze_hud_runtime/src/windowed/portal.rs
index bc3e3a81..98431478 100644
--- a/crates/tze_hud_runtime/src/windowed/portal.rs
+++ b/crates/tze_hud_runtime/src/windowed/portal.rs
@@ -11,6 +11,104 @@ use super::input_dispatch::{deliver_composer_batch, dispatch_portal_geometry_eve
 use super::keyboard::ComposerDeliveryContext;
 use super::lifecycle::{INTERACTION_LOCK_BUDGET, spin_acquire};
 
+/// Identity of the primary drag that actually entered the recognizer under lock.
+/// A missed Up retains only this gesture's terminal event, never generic input.
+#[derive(Clone, Debug)]
+pub(super) struct PrimaryDragGesture {
+    pub(super) element_id: tze_hud_scene::SceneId,
+    pub(super) lease_id: tze_hud_scene::SceneId,
+    pub(super) feedback_target: tze_hud_scene::SceneId,
+    pub(super) interaction_id: String,
+    pub(super) press_start: std::time::Instant,
+    pub(super) window_id: Option<winit::window::WindowId>,
+    pub(super) window_allocation: Option<std::sync::Weak<winit::window::Window>>,
+    pub(super) terminal: Option<PointerEvent>,
+}
+
+impl PrimaryDragGesture {
+    pub(super) fn matches(&self, drag: &tze_hud_input::drag::DeviceDragState) -> bool {
+        self.element_id == drag.element_id
+            && self.interaction_id == drag.interaction_id
+            && self.press_start == drag.press_start
+    }
+
+    pub(super) fn target_is_live(&self, scene: &tze_hud_scene::SceneGraph) -> bool {
+        scene
+            .tiles
+            .get(&self.element_id)
+            .is_some_and(|tile| tile.lease_id == self.lease_id)
+            && scene
+                .tiles
+                .get(&self.feedback_target)
+                .is_some_and(|tile| tile.lease_id == self.lease_id)
+    }
+}
+
+pub(super) fn drag_feedback_target(
+    scene: &tze_hud_scene::SceneGraph,
+    element_id: tze_hud_scene::SceneId,
+) -> tze_hud_scene::SceneId {
+    let Some(tile) = scene.tiles.get(&element_id) else {
+        return element_id;
+    };
+    if scene
+        .overlay
+        .portal_surfaces
+        .get(&element_id)
+        .is_some_and(|surface| {
+            surface
+                .parts
+                .iter()
+                .any(|part| part.kind == tze_hud_scene::PortalPartKind::Header)
+        })
+    {
+        return element_id;
+    }
+    if let Some(anchor_id) = scene.portal_band_anchor_tile(tile.lease_id)
+        && let Some(frame) = scene.tiles.get(&anchor_id)
+        && rect_contains(&frame.bounds, &tile.bounds, 1.0)
+        && scene.overlay.tile_scroll_configs.keys().any(|id| {
+            scene.tiles.get(id).is_some_and(|member| {
+                member.lease_id == tile.lease_id
+                    && rect_contains(&frame.bounds, &member.bounds, 1.0)
+            })
+        })
+    {
+        anchor_id
+    } else {
+        element_id
+    }
+}
+
+/// Reconcile shared feedback from all remaining activated device gestures.
+/// Releasing one device must not clear another device's border on the same frame.
+pub(super) fn reconcile_drag_feedback(
+    input: &InputProcessor,
+    scene: &mut tze_hud_scene::SceneGraph,
+) {
+    let active: std::collections::HashSet<_> = input
+        .drag_states
+        .values()
+        .filter(|drag| {
+            drag.phase == tze_hud_input::drag::DragPhase::Activated
+                && scene.tiles.contains_key(&drag.element_id)
+        })
+        .map(|drag| drag_feedback_target(scene, drag.element_id))
+        .collect();
+    let obsolete: Vec<_> = scene
+        .overlay
+        .drag_active_elements
+        .difference(&active)
+        .copied()
+        .collect();
+    for id in obsolete {
+        scene.clear_drag_active(id);
+    }
+    for id in active {
+        scene.set_drag_active(id);
+    }
+}
+
 /// Result of one best-effort portal projection drain.
 ///
 /// A busy scene is distinct from a completed no-op: the windowed scheduler
@@ -409,12 +507,12 @@ pub(super) fn apply_drag_handle_pointer_event(
 
     // On PointerDown on a drag handle, start accumulating.
     if pointer_event.kind == PointerEventKind::Down {
+        input_processor.drag_states.remove(&device_id);
         if let Some((interaction_id, element_id, element_kind, is_header_band)) = hit_drag_info {
-            let element_bounds = scene
-                .tiles
-                .get(&element_id)
-                .map(|t| t.bounds)
-                .unwrap_or_else(|| tze_hud_scene::Rect::new(0.0, 0.0, 0.0, 0.0));
+            let Some(element_bounds) = scene.tiles.get(&element_id).map(|tile| tile.bounds) else {
+                reconcile_drag_feedback(input_processor, scene);
+                return None;
+            };
             let outcome = input_processor.process_drag_handle_pointer(
                 pointer_event,
                 interaction_id,
@@ -433,6 +531,7 @@ pub(super) fn apply_drag_handle_pointer_event(
                 "drag-handle: PointerDown accumulating"
             );
         }
+        reconcile_drag_feedback(input_processor, scene);
         return None;
     }
 
@@ -448,11 +547,11 @@ pub(super) fn apply_drag_handle_pointer_event(
     };
 
     // Snapshot element bounds; element_id is the tile being dragged.
-    let element_bounds = scene
-        .tiles
-        .get(&element_id)
-        .map(|t| t.bounds)
-        .unwrap_or_else(|| tze_hud_scene::Rect::new(0.0, 0.0, 0.0, 0.0));
+    let Some(element_bounds) = scene.tiles.get(&element_id).map(|tile| tile.bounds) else {
+        input_processor.drag_states.remove(&device_id);
+        reconcile_drag_feedback(input_processor, scene);
+        return None;
+    };
 
     // The drag is already in flight for this device; its DeviceDragState already
     // carries the immediate/band flag, so the value passed here is unused on
@@ -468,7 +567,7 @@ pub(super) fn apply_drag_handle_pointer_event(
         false,
     );
 
-    match outcome {
+    let released = match outcome {
         DragEventOutcome::Idle | DragEventOutcome::Accumulating { .. } => {
             // Nothing to do locally.
             None
@@ -604,7 +703,9 @@ pub(super) fn apply_drag_handle_pointer_event(
                 group_members,
             })
         }
-    }
+    };
+    reconcile_drag_feedback(input_processor, scene);
+    released
 }
 
 /// Compute the maximum resize dimensions for a portal tile, combining the
@@ -1504,6 +1605,119 @@ impl WinitApp {
         }
     }
 
+    /// Apply a retained Up only to the original live gesture. Generic input,
+    /// capture dispatch and latency recording remain solely at ingress; only
+    /// the ring enqueue certainly ran on a lock miss. None is replayed here.
+    pub(super) fn drain_pending_drag_terminal(&mut self) -> bool {
+        let Some(gesture) = self.state.primary_drag_gesture.clone() else {
+            return false;
+        };
+        let Some(terminal) = gesture.terminal.as_ref() else {
+            return false;
+        };
+        let window_is_live = self.primary_drag_window_is_live();
+        let (released, scene_changed) = {
+            let Ok(state) = self.state.shared_state.try_lock() else {
+                return false;
+            };
+            let Ok(mut scene) = state.scene.try_lock() else {
+                return false;
+            };
+            let epoch_before = scene.geometry_epoch;
+            let same_gesture = self
+                .state
+                .input_processor
+                .drag_states
+                .get(&0)
+                .is_some_and(|drag| gesture.matches(drag));
+            let feedback_is_live =
+                self.state
+                    .input_processor
+                    .drag_states
+                    .get(&0)
+                    .is_some_and(|drag| {
+                        drag.phase != tze_hud_input::DragPhase::Activated
+                            || scene.is_drag_active(gesture.feedback_target)
+                    });
+            let released = if same_gesture
+                && window_is_live
+                && feedback_is_live
+                && gesture.target_is_live(&scene)
+            {
+                apply_drag_handle_pointer_event(
+                    &mut self.state.input_processor,
+                    terminal,
+                    &HitResult::Passthrough,
+                    &mut scene,
+                    self.state.config.window.width as f32,
+                    self.state.config.window.height as f32,
+                )
+            } else {
+                // A late terminal cannot remove a newer drag, resurrect a removed
+                // tile, or persist geometry from a different window allocation.
+                if same_gesture {
+                    self.state.input_processor.drag_states.remove(&0);
+                }
+                reconcile_drag_feedback(&self.state.input_processor, &mut scene);
+                None
+            };
+            self.state.primary_drag_gesture = None;
+            (released, scene.geometry_epoch != epoch_before)
+        };
+        if let Some(released) = released {
+            self.persist_drag_release(released);
+        }
+        scene_changed
+    }
+
+    pub(super) fn primary_drag_window_is_live(&self) -> bool {
+        let Some(gesture) = self.state.primary_drag_gesture.as_ref() else {
+            return true;
+        };
+        match gesture.window_id {
+            Some(id) => {
+                let Some(original) = gesture
+                    .window_allocation
+                    .as_ref()
+                    .and_then(std::sync::Weak::upgrade)
+                else {
+                    return false;
+                };
+                self.state.window.as_ref().is_some_and(|window| {
+                    window.id() == id && std::sync::Arc::ptr_eq(window, &original)
+                }) || self.state.secondaries.iter().any(|display| {
+                    display.window.id() == id && std::sync::Arc::ptr_eq(&display.window, &original)
+                })
+            }
+            None => {
+                gesture.window_allocation.is_none()
+                    && self.state.window.is_none()
+                    && self.state.secondaries.is_empty()
+            }
+        }
+    }
+
+    /// Weak allocation identity distinguishes recreated windows even if the OS
+    /// recycles their numeric WindowId, without keeping a retired window alive.
+    pub(super) fn primary_drag_window_allocation(
+        &self,
+        id: Option<winit::window::WindowId>,
+    ) -> Option<std::sync::Weak<winit::window::Window>> {
+        let id = id?;
+        self.state
+            .window
+            .as_ref()
+            .filter(|window| window.id() == id)
+            .or_else(|| {
+                self.state
+                    .secondaries
+                    .iter()
+                    .find(|display| display.window.id() == id)
+                    .map(|display| &display.window)
+            })
+            .map(std::sync::Arc::downgrade)
+    }
+
     /// Persist the geometry override for a completed drag and broadcast an
     /// `ElementRepositionedEvent`.
     ///
@@ -1732,8 +1946,8 @@ impl WinitApp {
         PortalProjectionDrain::Completed { scene_changed }
     }
 
-    /// Remove stale per-tile resize and raw-history state for tiles that no
-    /// longer exist in the scene.
+    /// Remove stale resize, history and drag state. Returns whether drag feedback
+    /// changed, so a main-only availability wake can admit its cleared frame.
     ///
     /// Called once per `about_to_wait` iteration.  Uses a two-phase approach:
     ///
@@ -1751,15 +1965,40 @@ impl WinitApp {
     /// The eager path handles the common case (each `DeleteTile` generates
     /// exactly one removal notification).  The fallback prevents unbounded
     /// accumulation in pathological cases.
-    pub(super) fn prune_portal_resize_states(&mut self) {
+    pub(super) fn prune_portal_resize_states(&mut self) -> bool {
+        let original_window_is_live = self.primary_drag_window_is_live();
         let Ok(state) = self.state.shared_state.try_lock() else {
             tracing::trace!("portal resize prune deferred: shared_state lock busy");
-            return;
+            return false;
         };
         let Ok(mut scene) = state.scene.try_lock() else {
             tracing::trace!("portal resize prune deferred: scene lock busy");
-            return;
+            return false;
         };
+        let epoch_before = scene.geometry_epoch;
+
+        self.state
+            .input_processor
+            .drag_states
+            .retain(|_, drag| scene.tiles.contains_key(&drag.element_id));
+        if self
+            .state
+            .primary_drag_gesture
+            .as_ref()
+            .is_some_and(|gesture| !original_window_is_live || !gesture.target_is_live(&scene))
+        {
+            if let Some(gesture) = self.state.primary_drag_gesture.take()
+                && self
+                    .state
+                    .input_processor
+                    .drag_states
+                    .get(&0)
+                    .is_some_and(|drag| gesture.matches(drag))
+            {
+                self.state.input_processor.drag_states.remove(&0);
+            }
+        }
+        reconcile_drag_feedback(&self.state.input_processor, &mut scene);
 
         // Phase 1: eager drain — O(removed), handles the common `DeleteTile` path.
         let removed_ids = scene.drain_removed_tile_ids();
@@ -1790,7 +2029,7 @@ impl WinitApp {
         if self.state.portal_resize_states.is_empty()
             && self.state.input_history_seed_states.is_empty()
         {
-            return;
+            return scene.geometry_epoch != epoch_before;
         }
         let resize_before = self.state.portal_resize_states.len();
         let history_before = self.state.input_history_seed_states.len();
@@ -1810,6 +2049,7 @@ impl WinitApp {
                 "portal resize: sweep-pruned stale per-tile state for removed tiles"
             );
         }
+        scene.geometry_epoch != epoch_before
     }
     /// Apply a Ctrl-gated portal resize hotkey to the focused portal tile.
     ///
@@ -2118,6 +2358,7 @@ mod tests {
             secondary_recreates: Default::default(),
             overlay_refits: Default::default(),
             press_window: None,
+            primary_drag_gesture: None,
             global_tokens: std::collections::HashMap::new(),
             element_repositioned_tx: None,
             input_event_tx: Some(input_event_tx),
@@ -2395,7 +2636,6 @@ mod tests {
     /// - Click-focus is unaffected: a short tap (no long-press) produces no move.
     #[test]
     fn drag_to_move_long_press_moves_tile_bounds() {
-        use std::thread;
         use std::time::Duration;
         use tze_hud_input::{InputProcessor, PointerEvent};
 
@@ -2443,8 +2683,9 @@ mod tests {
             "drag state must be created for device 0 after PointerDown on handle"
         );
 
-        // ── Step 2: Wait for long-press threshold (250 ms) ───────────────────
-        thread::sleep(Duration::from_millis(260));
+        assert!(!scene.is_drag_active(tile_id), "accumulation has no border");
+        // Age the existing recognizer's press; no wall-clock wait is needed.
+        processor.drag_states.get_mut(&0).unwrap().press_start -= Duration::from_millis(250);
 
         // ── Step 3: PointerMove — first move activates the drag, second moves tile ──
         //
@@ -2472,6 +2713,10 @@ mod tests {
             released_on_move1.is_none(),
             "first PointerMove (Activated) must not trigger release"
         );
+        assert!(
+            scene.is_drag_active(tile_id),
+            "activation must publish local feedback"
+        );
 
         // Second PointerMove — now in Activated phase, returns Moved.
         let move2 = PointerEvent {
@@ -2516,6 +2761,27 @@ mod tests {
             timestamp: None,
         };
         let result_up = processor.process(&up, &mut scene);
+        // A second activated device owns the same feedback target independently.
+        processor
+            .drag_states
+            .insert(1, processor.drag_states.get(&0).unwrap().clone());
+        let (tab, lease) = {
+            let tile = &scene.tiles[&tile_id];
+            (tile.tab_id, tile.lease_id)
+        };
+        let unrelated_id = scene
+            .create_tile(
+                tab,
+                "portal-agent",
+                lease,
+                tze_hud_scene::Rect::new(20.0, 20.0, 100.0, 80.0),
+                0,
+            )
+            .unwrap();
+        let mut unrelated_drag = processor.drag_states[&0].clone();
+        unrelated_drag.element_id = unrelated_id;
+        unrelated_drag.interaction_id = "unrelated-device-drag".to_string();
+        processor.drag_states.insert(2, unrelated_drag);
         let released_on_up = super::apply_drag_handle_pointer_event(
             &mut processor,
             &up,
@@ -2545,6 +2811,90 @@ mod tests {
             !processor.drag_states.contains_key(&0),
             "drag state must be removed after PointerUp"
         );
+        assert!(
+            scene.is_drag_active(tile_id),
+            "the second device still owns the border"
+        );
+        let other_up = PointerEvent { device_id: 1, ..up };
+        assert!(
+            super::apply_drag_handle_pointer_event(
+                &mut processor,
+                &other_up,
+                &HitResult::Passthrough,
+                &mut scene,
+                1920.0,
+                1080.0,
+            )
+            .is_some()
+        );
+        assert!(
+            !scene.is_drag_active(tile_id),
+            "the last release clears the border"
+        );
+        assert!(
+            scene.is_drag_active(unrelated_id),
+            "an unrelated device's target remains active"
+        );
+        let unrelated_up = PointerEvent {
+            device_id: 2,
+            ..other_up.clone()
+        };
+        super::apply_drag_handle_pointer_event(
+            &mut processor,
+            &unrelated_up,
+            &HitResult::Passthrough,
+            &mut scene,
+            1920.0,
+            1080.0,
+        );
+        assert!(!scene.is_drag_active(unrelated_id));
+        let result_down = processor.process(&down, &mut scene);
+        super::apply_drag_handle_pointer_event(
+            &mut processor,
+            &down,
+            &result_down.hit,
+            &mut scene,
+            1920.0,
+            1080.0,
+        );
+        processor.drag_states.get_mut(&0).unwrap().press_start -= Duration::from_millis(250);
+        super::apply_drag_handle_pointer_event(
+            &mut processor,
+            &move1,
+            &HitResult::Passthrough,
+            &mut scene,
+            1920.0,
+            1080.0,
+        );
+        assert!(scene.is_drag_active(tile_id));
+        scene.delete_tile(tile_id, "portal-agent").unwrap();
+        assert!(
+            super::apply_drag_handle_pointer_event(
+                &mut processor,
+                &other_up,
+                &HitResult::Passthrough,
+                &mut scene,
+                1920.0,
+                1080.0
+            )
+            .is_none()
+        );
+        super::apply_drag_handle_pointer_event(
+            &mut processor,
+            &PointerEvent {
+                device_id: 0,
+                ..other_up
+            },
+            &HitResult::Passthrough,
+            &mut scene,
+            1920.0,
+            1080.0,
+        );
+        assert!(
+            !processor.drag_states.contains_key(&0),
+            "removed targets cannot resume a stale drag"
+        );
+        assert!(!scene.is_drag_active(tile_id));
     }
 
     /// A quick tap (PointerDown immediately followed by PointerUp, no long-press)
@@ -2566,6 +2916,7 @@ mod tests {
         let handle_cy = 300.0_f32;
 
         let mut processor = InputProcessor::new();
+        let epoch_before = scene.geometry_epoch;
 
         // PointerDown.
         let down = PointerEvent {
@@ -2619,6 +2970,39 @@ mod tests {
             tile.bounds.y, 300.0,
             "tile Y must not change after a tap on the drag handle"
         );
+        assert!(!scene.is_drag_active(tile_id));
+        assert_eq!(
+            scene.geometry_epoch, epoch_before,
+            "a quick tap never enters drag feedback"
+        );
+        let result_down = processor.process(&down, &mut scene);
+        super::apply_drag_handle_pointer_event(
+            &mut processor,
+            &down,
+            &result_down.hit,
+            &mut scene,
+            1920.0,
+            1080.0,
+        );
+        let cancelled_move = PointerEvent {
+            x: handle_cx + 30.0,
+            kind: PointerEventKind::Move,
+            ..down
+        };
+        super::apply_drag_handle_pointer_event(
+            &mut processor,
+            &cancelled_move,
+            &HitResult::Passthrough,
+            &mut scene,
+            1920.0,
+            1080.0,
+        );
+        assert!(
+            !processor.drag_states.contains_key(&0),
+            "early movement cancels recognition"
+        );
+        assert!(!scene.is_drag_active(tile_id));
+        assert_eq!(scene.geometry_epoch, epoch_before);
     }
 
     #[test]
@@ -7612,6 +7996,279 @@ mod tests {
                 "every member must translate by the band-drag delta"
             );
         }
+
+        // The visible frame, not an equal-bounds passthrough backstop, owns
+        // the real runtime gesture and its one whole-portal highlight.
+        let frame = scene.tiles.get(&frame_id).unwrap().clone();
+        let backstop = scene
+            .create_tile(
+                frame.tab_id,
+                "portal-agent",
+                frame.lease_id,
+                frame.bounds,
+                0,
+            )
+            .unwrap();
+        scene.tiles.get_mut(&backstop).unwrap().input_mode = tze_hud_scene::InputMode::Passthrough;
+        let (_, band) = scene
+            .portal_header_band_anchors(52.0)
+            .into_iter()
+            .find(|(id, _)| *id == frame_id)
+            .unwrap();
+        let interaction_id = format!("drag-handle:{frame_id}");
+        scene
+            .overlay
+            .drag_handle_hit_regions
+            .push(tze_hud_scene::DragHandleHitRegion {
+                element_id: frame_id,
+                element_kind: tze_hud_scene::DragHandleElementKind::Tile,
+                bounds: band,
+                interaction_id: interaction_id.clone(),
+                hit_region: tze_hud_scene::HitRegionNode {
+                    bounds: band,
+                    interaction_id,
+                    accepts_pointer: true,
+                    ..Default::default()
+                },
+                tab_order: 0,
+                is_header_band: true,
+            });
+        assert_eq!(
+            drag_feedback_target(&scene, transcript_id),
+            frame_id,
+            "a contained surface uses the visible frame"
+        );
+        assert_eq!(
+            drag_feedback_target(&scene, _shield),
+            _shield,
+            "an outside seed is not a portal feedback member"
+        );
+        let outside_grip = tze_hud_scene::Rect::new(1880.0, 1060.0, 40.0, 20.0);
+        let mut outside_handle = scene.overlay.drag_handle_hit_regions[0].clone();
+        outside_handle.element_id = _shield;
+        outside_handle.bounds = outside_grip;
+        outside_handle.hit_region.bounds = outside_grip;
+        outside_handle.interaction_id = format!("drag-handle:{_shield}");
+        outside_handle.hit_region.interaction_id = outside_handle.interaction_id.clone();
+        outside_handle.is_header_band = false;
+        scene.overlay.drag_handle_hit_regions.push(outside_handle);
+        let (mut app, _rx) =
+            make_windowed_keyboard_test_app(scene, FocusManager::new(), InputProcessor::new());
+        seed_tile_entries(
+            &app,
+            &[frame_id, transcript_id, composer_id, backstop, _shield],
+            "portal-agent",
+        );
+        app.state.cursor_x = 1900.0;
+        app.state.cursor_y = 1070.0;
+        app.enqueue_pointer_event(PointerEventKind::Down);
+        app.state
+            .input_processor
+            .drag_states
+            .get_mut(&0)
+            .unwrap()
+            .press_start -= std::time::Duration::from_millis(250);
+        // This private identity follows the same press seed in this fixture.
+        app.state.primary_drag_gesture.as_mut().unwrap().press_start =
+            app.state.input_processor.drag_states[&0].press_start;
+        app.state.cursor_x += 1.0;
+        app.enqueue_pointer_event(PointerEventKind::Move);
+        {
+            let shared = app.state.shared_state.try_lock().unwrap();
+            let scene = shared.scene.try_lock().unwrap();
+            assert!(scene.is_drag_active(_shield));
+            assert!(
+                !scene.is_drag_active(frame_id),
+                "the real outside gesture cannot mark the portal frame"
+            );
+            assert_eq!(
+                app.state
+                    .primary_drag_gesture
+                    .as_ref()
+                    .unwrap()
+                    .feedback_target,
+                _shield
+            );
+        }
+        app.state.cursor_x = band.x + 50.0;
+        app.state.cursor_y = band.y + 12.0;
+        app.enqueue_pointer_event(PointerEventKind::Down);
+        assert!(
+            app.state.primary_drag_gesture.is_some(),
+            "the actual Down seeds the gesture"
+        );
+        app.state.cursor_x += 5.0;
+        app.enqueue_pointer_event(PointerEventKind::Move);
+        {
+            let shared = app.state.shared_state.try_lock().unwrap();
+            let scene = shared.scene.try_lock().unwrap();
+            assert!(scene.is_drag_active(frame_id));
+            assert_eq!(scene.overlay.drag_active_elements.len(), 1);
+            assert!(!scene.is_drag_active(backstop));
+        }
+        app.state.cursor_x += 35.0;
+        app.state.cursor_y += 20.0;
+        app.enqueue_pointer_event(PointerEventKind::Move);
+
+        // Exhaust the real SharedState acquisition budget on Up. The actual
+        // event is retained once and a newer Down cannot steal its identity.
+        let shared_state = Arc::clone(&app.state.shared_state);
+        let held = shared_state.try_lock().unwrap();
+        let original_press = app.state.primary_drag_gesture.as_ref().unwrap().press_start;
+        app.enqueue_pointer_event(PointerEventKind::Up);
+        assert!(
+            app.state
+                .primary_drag_gesture
+                .as_ref()
+                .unwrap()
+                .terminal
+                .is_some()
+        );
+        let ring_after_up = app.state.input_ring.lock().unwrap().len();
+        app.enqueue_pointer_event(PointerEventKind::Down);
+        assert_eq!(
+            app.state.primary_drag_gesture.as_ref().unwrap().press_start,
+            original_press
+        );
+        assert_eq!(app.state.input_ring.lock().unwrap().len(), ring_after_up);
+        drop(held);
+        let checkpoint = app.state.wake.main_work_checkpoint();
+        let settled = app.settle_scene_work();
+        assert!(
+            settled.scene_changed(),
+            "release must admit the cleared-border frame"
+        );
+        assert!(
+            app.state
+                .wake
+                .finish_main_work_after_settle(checkpoint, settled.scene_changed())
+        );
+        assert!(app.state.primary_drag_gesture.is_none());
+        assert!(!app.state.input_processor.drag_states.contains_key(&0));
+        assert_eq!(
+            app.state.input_ring.lock().unwrap().len(),
+            ring_after_up,
+            "retry emits no second input"
+        );
+        for id in [frame_id, transcript_id, composer_id, backstop] {
+            assert!(
+                has_override(&app, id),
+                "the original release persists every member"
+            );
+        }
+        assert!(
+            !has_override(&app, _shield),
+            "the distant shield is not a portal member"
+        );
+
+        // Exercise the independent scene-lock failure, then admit a new Down
+        // only after the retained Up has ended the original gesture.
+        {
+            let shared = shared_state.try_lock().unwrap();
+            let mut scene = shared.scene.try_lock().unwrap();
+            assert!(!scene.is_drag_active(frame_id));
+            let (_, band) = scene
+                .portal_header_band_anchors(52.0)
+                .into_iter()
+                .find(|(id, _)| *id == frame_id)
+                .unwrap();
+            scene.overlay.drag_handle_hit_regions[0].bounds = band;
+            scene.overlay.drag_handle_hit_regions[0].hit_region.bounds = band;
+            app.state.cursor_x = band.x + 50.0;
+            app.state.cursor_y = band.y + 12.0;
+        }
+        app.enqueue_pointer_event(PointerEventKind::Down);
+        app.state.cursor_x += 5.0;
+        app.enqueue_pointer_event(PointerEventKind::Move);
+        let original_press = app.state.primary_drag_gesture.as_ref().unwrap().press_start;
+        let scene_arc = Arc::clone(&shared_state.try_lock().unwrap().scene);
+        let held = scene_arc.try_lock().unwrap();
+        app.enqueue_pointer_event(PointerEventKind::Up);
+        assert!(
+            app.state
+                .primary_drag_gesture
+                .as_ref()
+                .unwrap()
+                .terminal
+                .is_some()
+        );
+        drop(held);
+        app.enqueue_pointer_event(PointerEventKind::Down);
+        let replacement = app.state.primary_drag_gesture.as_ref().unwrap();
+        assert_ne!(replacement.press_start, original_press);
+        assert!(replacement.terminal.is_none());
+        assert_eq!(
+            app.state.input_processor.drag_states[&0].phase,
+            tze_hud_input::DragPhase::Accumulating
+        );
+        app.enqueue_pointer_event(PointerEventKind::Up);
+        assert!(app.state.primary_drag_gesture.is_none());
+
+        // Headless identity checks prove rejection of an absent original window
+        // allocation and a changed lease, without claiming native capture coverage.
+        for invalid_window in [true, false] {
+            app.enqueue_pointer_event(PointerEventKind::Down);
+            app.state.cursor_x += 5.0;
+            app.enqueue_pointer_event(PointerEventKind::Move);
+            let held = shared_state.try_lock().unwrap();
+            app.enqueue_pointer_event(PointerEventKind::Up);
+            let saved_override = held.element_store.entries[&frame_id]
+                .geometry_override
+                .clone();
+            if invalid_window {
+                app.state.primary_drag_gesture.as_mut().unwrap().window_id =
+                    Some(winit::window::WindowId::dummy());
+                app.state
+                    .primary_drag_gesture
+                    .as_mut()
+                    .unwrap()
+                    .window_allocation = Some(std::sync::Weak::new());
+            } else {
+                let mut scene = held.scene.try_lock().unwrap();
+                let different_lease = scene.grant_lease("portal-agent", 60_000);
+                scene.tiles.get_mut(&frame_id).unwrap().lease_id = different_lease;
+            }
+            drop(held);
+            app.settle_scene_work();
+            assert!(app.state.primary_drag_gesture.is_none());
+            assert!(!app.state.input_processor.drag_states.contains_key(&0));
+            let held = shared_state.try_lock().unwrap();
+            let mut scene = held.scene.try_lock().unwrap();
+            assert!(!scene.is_drag_active(frame_id));
+            assert_eq!(
+                held.element_store.entries[&frame_id].geometry_override,
+                saved_override
+            );
+            scene.tiles.get_mut(&frame_id).unwrap().lease_id = frame.lease_id;
+        }
+
+        // A removed target cancels the retained terminal instead of applying
+        // its stale final coordinates or persisting a phantom tile.
+        app.enqueue_pointer_event(PointerEventKind::Down);
+        app.state.cursor_x += 5.0;
+        app.enqueue_pointer_event(PointerEventKind::Move);
+        let held = shared_state.try_lock().unwrap();
+        app.enqueue_pointer_event(PointerEventKind::Up);
+        let saved_override = held.element_store.entries[&frame_id]
+            .geometry_override
+            .clone();
+        held.scene
+            .try_lock()
+            .unwrap()
+            .delete_tile(frame_id, "portal-agent")
+            .unwrap();
+        drop(held);
+        app.settle_scene_work();
+        assert!(app.state.primary_drag_gesture.is_none());
+        assert!(!app.state.input_processor.drag_states.contains_key(&0));
+        let shared = shared_state.try_lock().unwrap();
+        let scene = shared.scene.try_lock().unwrap();
+        assert!(!scene.tiles.contains_key(&frame_id));
+        assert!(!scene.is_drag_active(frame_id));
+        assert_eq!(
+            shared.element_store.entries[&frame_id].geometry_override,
+            saved_override
+        );
     }
 
     /// A single non-portal tile drag must NOT engage the whole-portal translate
diff --git a/crates/tze_hud_scene/src/graph/queries.rs b/crates/tze_hud_scene/src/graph/queries.rs
index 9c9a36c6..7bb35b79 100644
--- a/crates/tze_hud_scene/src/graph/queries.rs
+++ b/crates/tze_hud_scene/src/graph/queries.rs
@@ -395,16 +395,18 @@ impl SceneGraph {
         }
     }
 
-    /// Mark an element as actively dragged in drag-feedback fixtures.
-    #[cfg(any(test, feature = "test-support"))]
+    /// Mark the viewer's drag-feedback target without invalidating content caches.
     pub fn set_drag_active(&mut self, element_id: SceneId) {
-        self.overlay.drag_active_elements.insert(element_id);
+        if self.overlay.drag_active_elements.insert(element_id) {
+            self.bump_geometry_epoch();
+        }
     }
 
-    /// Clear the active drag mark in drag-feedback fixtures.
-    #[cfg(any(test, feature = "test-support"))]
+    /// Clear viewer drag feedback without invalidating content caches.
     pub fn clear_drag_active(&mut self, element_id: SceneId) {
-        self.overlay.drag_active_elements.remove(&element_id);
+        if self.overlay.drag_active_elements.remove(&element_id) {
+            self.bump_geometry_epoch();
+        }
     }
 
     /// Returns `true` if the element is currently being dragged.
diff --git a/tests/integration/drag_reposition.rs b/tests/integration/drag_reposition.rs
index 3a61ad34..b432c96f 100644
--- a/tests/integration/drag_reposition.rs
+++ b/tests/integration/drag_reposition.rs
@@ -615,10 +615,30 @@ fn scene_drag_active_elements_set_cleared_correctly() {
     let eid = element_id();
 
     assert!(!scene.is_drag_active(eid), "initially not active");
+    let version = scene.version;
+    let epoch = scene.geometry_epoch;
     scene.set_drag_active(eid);
     assert!(scene.is_drag_active(eid), "must be active after set");
+    assert_eq!(scene.geometry_epoch, epoch + 1);
+    scene.set_drag_active(eid);
+    assert_eq!(
+        scene.geometry_epoch,
+        epoch + 1,
+        "setting an existing marker is idempotent"
+    );
     scene.clear_drag_active(eid);
     assert!(!scene.is_drag_active(eid), "must be inactive after clear");
+    assert_eq!(scene.geometry_epoch, epoch + 2);
+    scene.clear_drag_active(eid);
+    assert_eq!(
+        scene.geometry_epoch,
+        epoch + 2,
+        "clearing an absent marker is idempotent"
+    );
+    assert_eq!(
+        scene.version, version,
+        "feedback must not invalidate content caches"
+    );
 }
 
 // ── Reset-to-default (hud-zc7f) ──────────────────────────────────────────────
